// Jest Snapshot v1, https://goo.gl/fbAQLP

exports[`<Home /> renders 1`] = `
<Menu__MenuWrapper>
  <Menu__StyledLink
    to="/"
  >
    <Logo
      size="small"
      withText={true}
    />
  </Menu__StyledLink>
  <Menu__StyledLink
    to="/cart"
  >
    <Icon
      height="1.5"
      icon="cart"
      palette="secondary"
    />
  </Menu__StyledLink>
</Menu__MenuWrapper>
`;
